// Jest Snapshot v1, https://goo.gl/fbAQLP

exports[`App should render App components 1`] = `ShallowWrapper {}`;

exports[`ImageGrid should render App components 1`] = `ShallowWrapper {}`;

exports[`ImageGrid should render the image grid page 1`] = `ShallowWrapper {}`;
